[debug] [2026-06-05T19:38:47.186Z] ----------------------------------------------------------------------
[debug] [2026-06-05T19:38:47.192Z] Command:       C:\nvm4w\nodejs\node.exe C:\nvm4w\nodejs\node_modules\firebase-tools\lib\bin\firebase.js deploy --only database
[debug] [2026-06-05T19:38:47.192Z] CLI Version:   15.19.0
[debug] [2026-06-05T19:38:47.193Z] Platform:      win32
[debug] [2026-06-05T19:38:47.193Z] Node Version:  v20.11.1
[debug] [2026-06-05T19:38:47.193Z] Time:          Fri Jun 05 2026 22:38:47 GMT+0300 (التوقيت العربي الرسمي)
[debug] [2026-06-05T19:38:47.194Z] ----------------------------------------------------------------------
[debug] 
[debug] [2026-06-05T19:38:47.198Z] >>> [apiv2][query] GET https://firebase-public.firebaseio.com/cli.json [none]
[debug] [2026-06-05T19:38:50.680Z] > command requires scopes: ["email","openid","https://www.googleapis.com/auth/cloudplatformprojects.readonly","https://www.googleapis.com/auth/firebase","https://www.googleapis.com/auth/cloud-platform"]
[debug] [2026-06-05T19:38:50.681Z] > authorizing via signed-in user (mustafa050908@gmail.com)
[debug] [2026-06-05T19:38:50.681Z] [iam] checking project bismar-1ee49 for permissions ["firebase.projects.get","firebasedatabase.instances.update"]
[debug] [2026-06-05T19:38:50.683Z] Checked if tokens are valid: false, expires at: 1780666899129
[debug] [2026-06-05T19:38:50.683Z] Checked if tokens are valid: false, expires at: 1780666899129
[debug] [2026-06-05T19:38:50.684Z] > refreshing access token with scopes: []
[debug] [2026-06-05T19:38:50.686Z] >>> [apiv2][query] POST https://www.googleapis.com/oauth2/v3/token [none]
[debug] [2026-06-05T19:38:50.686Z] >>> [apiv2][body] POST https://www.googleapis.com/oauth2/v3/token [omitted]
[debug] [2026-06-05T19:38:51.685Z] <<< [apiv2][status] GET https://firebase-public.firebaseio.com/cli.json 200
[debug] [2026-06-05T19:38:51.685Z] <<< [apiv2][body] GET https://firebase-public.firebaseio.com/cli.json {"cloudBuildErrorAfter":1594252800000,"cloudBuildWarnAfter":1590019200000,"defaultNode10After":1594252800000,"minVersion":"3.0.5","node8DeploysDisabledAfter":1613390400000,"node8RuntimeDisabledAfter":1615809600000,"node8WarnAfter":1600128000000}
[debug] [2026-06-05T19:38:54.824Z] <<< [apiv2][status] POST https://www.googleapis.com/oauth2/v3/token 200
[debug] [2026-06-05T19:38:54.824Z] <<< [apiv2][body] POST https://www.googleapis.com/oauth2/v3/token [omitted]
[debug] [2026-06-05T19:38:54.846Z] >>> [apiv2][query] POST https://cloudresourcemanager.googleapis.com/v1/projects/bismar-1ee49:testIamPermissions [none]
[debug] [2026-06-05T19:38:54.846Z] >>> [apiv2][(partial)header] POST https://cloudresourcemanager.googleapis.com/v1/projects/bismar-1ee49:testIamPermissions  x-goog-user-project=bismar-1ee49
[debug] [2026-06-05T19:38:54.846Z] >>> [apiv2][body] POST https://cloudresourcemanager.googleapis.com/v1/projects/bismar-1ee49:testIamPermissions {"permissions":["firebase.projects.get","firebasedatabase.instances.update"]}
[debug] [2026-06-05T19:38:56.418Z] <<< [apiv2][status] POST https://cloudresourcemanager.googleapis.com/v1/projects/bismar-1ee49:testIamPermissions 200
[debug] [2026-06-05T19:38:56.418Z] <<< [apiv2][body] POST https://cloudresourcemanager.googleapis.com/v1/projects/bismar-1ee49:testIamPermissions {"permissions":["firebase.projects.get","firebasedatabase.instances.update"]}
[debug] [2026-06-05T19:38:56.419Z] Checked if tokens are valid: true, expires at: 1780691933824
[debug] [2026-06-05T19:38:56.419Z] Checked if tokens are valid: true, expires at: 1780691933824
[debug] [2026-06-05T19:38:56.420Z] >>> [apiv2][query] GET https://firebase.googleapis.com/v1beta1/projects/bismar-1ee49 [none]
[debug] [2026-06-05T19:38:57.886Z] <<< [apiv2][status] GET https://firebase.googleapis.com/v1beta1/projects/bismar-1ee49 200
[debug] [2026-06-05T19:38:57.886Z] <<< [apiv2][body] GET https://firebase.googleapis.com/v1beta1/projects/bismar-1ee49 {"projectId":"bismar-1ee49","projectNumber":"239158026206","displayName":"Bismar","name":"projects/bismar-1ee49","resources":{"hostingSite":"bismar-1ee49","realtimeDatabaseInstance":"bismar-1ee49-default-rtdb"},"state":"ACTIVE","etag":"1_03055122-4efd-40ad-8067-82a515901a50"}
[info] 
[info] === Deploying to 'bismar-1ee49'...
[info] 
[info] i  deploying database 
[info] i  database: checking rules syntax... 
[debug] [2026-06-05T19:38:57.894Z] Checked if tokens are valid: true, expires at: 1780691933824
[debug] [2026-06-05T19:38:57.894Z] Checked if tokens are valid: true, expires at: 1780691933824
[debug] [2026-06-05T19:38:57.895Z] >>> [apiv2][query] GET https://firebasedatabase.googleapis.com/v1beta/projects/bismar-1ee49/locations/-/instances/bismar-1ee49-default-rtdb [none]
[debug] [2026-06-05T19:39:01.311Z] <<< [apiv2][status] GET https://firebasedatabase.googleapis.com/v1beta/projects/bismar-1ee49/locations/-/instances/bismar-1ee49-default-rtdb 200
[debug] [2026-06-05T19:39:01.311Z] <<< [apiv2][body] GET https://firebasedatabase.googleapis.com/v1beta/projects/bismar-1ee49/locations/-/instances/bismar-1ee49-default-rtdb {"name":"projects/239158026206/locations/europe-west1/instances/bismar-1ee49-default-rtdb","project":"projects/239158026206","databaseUrl":"https://bismar-1ee49-default-rtdb.europe-west1.firebasedatabase.app","type":"DEFAULT_DATABASE","state":"ACTIVE"}
[debug] [2026-06-05T19:39:01.313Z] Checked if tokens are valid: true, expires at: 1780691933824
[debug] [2026-06-05T19:39:01.313Z] Checked if tokens are valid: true, expires at: 1780691933824
[debug] [2026-06-05T19:39:01.314Z] >>> [apiv2][query] PUT https://bismar-1ee49-default-rtdb.europe-west1.firebasedatabase.app/.settings/rules.json dryRun=true
[debug] [2026-06-05T19:39:01.314Z] >>> [apiv2][body] PUT https://bismar-1ee49-default-rtdb.europe-west1.firebasedatabase.app/.settings/rules.json "{\n  \"rules\": {\n    \".read\": false,\n    \".write\": false,\n    \"rooms\": {\n      \"$roomId\": {\n        \".read\": \"$roomId.matches(/^[0-9]{5}$/)\",\n        \".write\": \"$roomId.matches(/^[0-9]{5}$/)\",\n        \"roomId\": {\n          \".validate\": \"newData.isString() && newData.val() === $roomId\"\n        },\n        \"gameState\": {\n          \".validate\": \"!newData.exists() || newData.val() === 'Lobby' || newData.val() === 'Playing' || newData.val() === 'GameOver'\"\n        },\n        \"settings\": {\n          \".validate\": \"!newData.exists() || newData.hasChildren(['teamCount', 'roundTimerSeconds', 'lossCardCount', 'wordCategory'])\",\n          \"teamCount\": {\n            \".validate\": \"newData.val() === 2 || newData.val() === 3 || newData.val() === 4\"\n          },\n          \"roundTimerSeconds\": {\n            \".validate\": \"newData.isNumber() && newData.val() >= 15 && newData.val() <= 600\"\n          },\n          \"lossCardCount\": {\n            \".validate\": \"newData.val() === 1 || newData.val() === 2 || newData.val() === 3 || newData.val() === 4\"\n          },\n          \"wordCategory\": {\n            \".validate\": \"newData.isString() && (newData.val() === 'General' || newData.val() === 'Cities')\"\n          }\n        },\n        \"currentTurn\": {\n          \".validate\": \"!newData.exists() || newData.val() === 'Red' || newData.val() === 'Blue' || newData.val() === 'Green' || newData.val() === 'Gold'\"\n        },\n        \"turnPhase\": {\n          \".validate\": \"!newData.exists() || newData.val() === 'Clue' || newData.val() === 'Guess'\"\n        },\n        \"isPaused\": {\n          \".validate\": \"!newData.exists() || newData.isBoolean()\"\n        },\n        \"pausedRemainingMs\": {\n          \".validate\": \"!newData.exists() || newData.isNumber() || newData.val() === null\"\n        },\n        \"pendingRevealCardId\": {\n          \".validate\": \"!newData.exists() || newData.isNumber() || newData.val() === null\"\n        },\n        \"pendingRevealAt\": {\n          \".validate\": \"!newData.exists() || newData.isNumber() || newData.val() === null\"\n        },\n        \"presence\": {\n          \"$playerId\": {\n            \".validate\": \"!newData.exists() || newData.isBoolean()\"\n          }\n        },\n        \"operativeSelections\": {\n          \"$playerId\": {\n            \".validate\": \"!newData.exists() || newData.isNumber() || newData.val() === null\"\n          }\n        },\n        \"turnEndsAt\": {\n          \".validate\": \"!newData.exists() || newData.isNumber()\"\n        },\n        \"eliminatedTeams\": {\n          \"$teamIndex\": {\n            \".validate\": \"!newData.exists() || newData.val() === 'Red' || newData.val() === 'Blue' || newData.val() === 'Green' || newData.val() === 'Gold'\"\n          }\n        },\n        \"winner\": {\n          \".validate\": \"!newData.exists() || newData.val() === 'Red' || newData.val() === 'Blue' || newData.val() === 'Green' || newData.val() === 'Gold'\"\n        },\n        \"players\": {\n          \"$playerIndex\": {\n            \".validate\": \"!newData.exists() || (newData.hasChildren(['id', 'name', 'team', 'role', 'isHost']) && newData.child('id').isString() && newData.child('id').val().length > 0 && newData.child('name').isString() && newData.child('name').val().length >= 2 && newData.child('name').val().length <= 24 && (newData.child('team').val() === 'Red' || newData.child('team').val() === 'Blue' || newData.child('team').val() === 'Green' || newData.child('team').val() === 'Gold' || newData.child('team').val() === 'Unassigned') && (newData.child('role').val() === 'Spymaster' || newData.child('role').val() === 'Operative') && newData.child('isHost').isBoolean())\"\n          }\n        },\n        \"board\": {\n          \"$cardIndex\": {\n            \".validate\": \"!newData.exists() || (newData.hasChildren(['id', 'text', 'type', 'isRevealed']) && newData.child('id').exists() && newData.child('text').isString() && newData.child('text').val().length >= 1 && newData.child('text').val().length <= 20 && !newData.child('text').val().matches(/.*\\\\s.*/) && (newData.child('type').val() === 'Red' || newData.child('type').val() === 'Blue' || newData.child('type').val() === 'Green' || newData.child('type').val() === 'Gold' || newData.child('type').val() === 'Neutral' || newData.child('type').val() === 'Control') && newData.child('isRevealed').isBoolean())\"\n          }\n        },\n        \"clues\": {\n          \"$clueIndex\": {\n            \".validate\": \"!newData.exists() || (newData.hasChildren(['team', 'text', 'count', 'createdAt']) && (newData.child('team').val() === 'Red' || newData.child('team').val() === 'Blue' || newData.child('team').val() === 'Green' || newData.child('team').val() === 'Gold') && newData.child('text').isString() && newData.child('text').val().length >= 1 && newData.child('text').val().length <= 24 && newData.child('count').isNumber() && newData.child('count').val() >= 1 && newData.child('count').val() <= 9 && newData.child('createdAt').isNumber())\"\n          }\n        }\n      }\n    }\n  }\n}\n"
[debug] [2026-06-05T19:39:02.248Z] <<< [apiv2][status] PUT https://bismar-1ee49-default-rtdb.europe-west1.firebasedatabase.app/.settings/rules.json 200
[debug] [2026-06-05T19:39:02.248Z] <<< [apiv2][body] PUT https://bismar-1ee49-default-rtdb.europe-west1.firebasedatabase.app/.settings/rules.json {"status":"ok"}
[info] +  database: rules syntax for database bismar-1ee49-default-rtdb is valid 
[info] i  database: releasing rules... 
[debug] [2026-06-05T19:39:02.250Z] Checked if tokens are valid: true, expires at: 1780691933824
[debug] [2026-06-05T19:39:02.250Z] Checked if tokens are valid: true, expires at: 1780691933824
[debug] [2026-06-05T19:39:02.250Z] >>> [apiv2][query] GET https://firebasedatabase.googleapis.com/v1beta/projects/bismar-1ee49/locations/-/instances/bismar-1ee49-default-rtdb [none]
[debug] [2026-06-05T19:39:03.359Z] <<< [apiv2][status] GET https://firebasedatabase.googleapis.com/v1beta/projects/bismar-1ee49/locations/-/instances/bismar-1ee49-default-rtdb 200
[debug] [2026-06-05T19:39:03.360Z] <<< [apiv2][body] GET https://firebasedatabase.googleapis.com/v1beta/projects/bismar-1ee49/locations/-/instances/bismar-1ee49-default-rtdb {"name":"projects/239158026206/locations/europe-west1/instances/bismar-1ee49-default-rtdb","project":"projects/239158026206","databaseUrl":"https://bismar-1ee49-default-rtdb.europe-west1.firebasedatabase.app","type":"DEFAULT_DATABASE","state":"ACTIVE"}
[debug] [2026-06-05T19:39:03.360Z] Checked if tokens are valid: true, expires at: 1780691933824
[debug] [2026-06-05T19:39:03.360Z] Checked if tokens are valid: true, expires at: 1780691933824
[debug] [2026-06-05T19:39:03.360Z] >>> [apiv2][query] PUT https://bismar-1ee49-default-rtdb.europe-west1.firebasedatabase.app/.settings/rules.json 
[debug] [2026-06-05T19:39:03.361Z] >>> [apiv2][body] PUT https://bismar-1ee49-default-rtdb.europe-west1.firebasedatabase.app/.settings/rules.json "{\n  \"rules\": {\n    \".read\": false,\n    \".write\": false,\n    \"rooms\": {\n      \"$roomId\": {\n        \".read\": \"$roomId.matches(/^[0-9]{5}$/)\",\n        \".write\": \"$roomId.matches(/^[0-9]{5}$/)\",\n        \"roomId\": {\n          \".validate\": \"newData.isString() && newData.val() === $roomId\"\n        },\n        \"gameState\": {\n          \".validate\": \"!newData.exists() || newData.val() === 'Lobby' || newData.val() === 'Playing' || newData.val() === 'GameOver'\"\n        },\n        \"settings\": {\n          \".validate\": \"!newData.exists() || newData.hasChildren(['teamCount', 'roundTimerSeconds', 'lossCardCount', 'wordCategory'])\",\n          \"teamCount\": {\n            \".validate\": \"newData.val() === 2 || newData.val() === 3 || newData.val() === 4\"\n          },\n          \"roundTimerSeconds\": {\n            \".validate\": \"newData.isNumber() && newData.val() >= 15 && newData.val() <= 600\"\n          },\n          \"lossCardCount\": {\n            \".validate\": \"newData.val() === 1 || newData.val() === 2 || newData.val() === 3 || newData.val() === 4\"\n          },\n          \"wordCategory\": {\n            \".validate\": \"newData.isString() && (newData.val() === 'General' || newData.val() === 'Cities')\"\n          }\n        },\n        \"currentTurn\": {\n          \".validate\": \"!newData.exists() || newData.val() === 'Red' || newData.val() === 'Blue' || newData.val() === 'Green' || newData.val() === 'Gold'\"\n        },\n        \"turnPhase\": {\n          \".validate\": \"!newData.exists() || newData.val() === 'Clue' || newData.val() === 'Guess'\"\n        },\n        \"isPaused\": {\n          \".validate\": \"!newData.exists() || newData.isBoolean()\"\n        },\n        \"pausedRemainingMs\": {\n          \".validate\": \"!newData.exists() || newData.isNumber() || newData.val() === null\"\n        },\n        \"pendingRevealCardId\": {\n          \".validate\": \"!newData.exists() || newData.isNumber() || newData.val() === null\"\n        },\n        \"pendingRevealAt\": {\n          \".validate\": \"!newData.exists() || newData.isNumber() || newData.val() === null\"\n        },\n        \"presence\": {\n          \"$playerId\": {\n            \".validate\": \"!newData.exists() || newData.isBoolean()\"\n          }\n        },\n        \"operativeSelections\": {\n          \"$playerId\": {\n            \".validate\": \"!newData.exists() || newData.isNumber() || newData.val() === null\"\n          }\n        },\n        \"turnEndsAt\": {\n          \".validate\": \"!newData.exists() || newData.isNumber()\"\n        },\n        \"eliminatedTeams\": {\n          \"$teamIndex\": {\n            \".validate\": \"!newData.exists() || newData.val() === 'Red' || newData.val() === 'Blue' || newData.val() === 'Green' || newData.val() === 'Gold'\"\n          }\n        },\n        \"winner\": {\n          \".validate\": \"!newData.exists() || newData.val() === 'Red' || newData.val() === 'Blue' || newData.val() === 'Green' || newData.val() === 'Gold'\"\n        },\n        \"players\": {\n          \"$playerIndex\": {\n            \".validate\": \"!newData.exists() || (newData.hasChildren(['id', 'name', 'team', 'role', 'isHost']) && newData.child('id').isString() && newData.child('id').val().length > 0 && newData.child('name').isString() && newData.child('name').val().length >= 2 && newData.child('name').val().length <= 24 && (newData.child('team').val() === 'Red' || newData.child('team').val() === 'Blue' || newData.child('team').val() === 'Green' || newData.child('team').val() === 'Gold' || newData.child('team').val() === 'Unassigned') && (newData.child('role').val() === 'Spymaster' || newData.child('role').val() === 'Operative') && newData.child('isHost').isBoolean())\"\n          }\n        },\n        \"board\": {\n          \"$cardIndex\": {\n            \".validate\": \"!newData.exists() || (newData.hasChildren(['id', 'text', 'type', 'isRevealed']) && newData.child('id').exists() && newData.child('text').isString() && newData.child('text').val().length >= 1 && newData.child('text').val().length <= 20 && !newData.child('text').val().matches(/.*\\\\s.*/) && (newData.child('type').val() === 'Red' || newData.child('type').val() === 'Blue' || newData.child('type').val() === 'Green' || newData.child('type').val() === 'Gold' || newData.child('type').val() === 'Neutral' || newData.child('type').val() === 'Control') && newData.child('isRevealed').isBoolean())\"\n          }\n        },\n        \"clues\": {\n          \"$clueIndex\": {\n            \".validate\": \"!newData.exists() || (newData.hasChildren(['team', 'text', 'count', 'createdAt']) && (newData.child('team').val() === 'Red' || newData.child('team').val() === 'Blue' || newData.child('team').val() === 'Green' || newData.child('team').val() === 'Gold') && newData.child('text').isString() && newData.child('text').val().length >= 1 && newData.child('text').val().length <= 24 && newData.child('count').isNumber() && newData.child('count').val() >= 1 && newData.child('count').val() <= 9 && newData.child('createdAt').isNumber())\"\n          }\n        }\n      }\n    }\n  }\n}\n"
[debug] [2026-06-05T19:39:03.751Z] <<< [apiv2][status] PUT https://bismar-1ee49-default-rtdb.europe-west1.firebasedatabase.app/.settings/rules.json 200
[debug] [2026-06-05T19:39:03.751Z] <<< [apiv2][body] PUT https://bismar-1ee49-default-rtdb.europe-west1.firebasedatabase.app/.settings/rules.json {"status":"ok"}
[info] +  database: rules for database bismar-1ee49-default-rtdb released successfully 
[info] 
[info] +  Deploy complete! 
[info] 
[info] Project Console: https://console.firebase.google.com/project/bismar-1ee49/overview
[debug] [2026-06-05T19:39:09.135Z] Error: Timed out.
    at Timeout.<anonymous> (C:\Users\HP2022\AppData\Local\nvm\v20.11.1\node_modules\firebase-tools\lib\utils.js:309:49)
    at listOnTimeout (node:internal/timers:573:17)
    at process.processTimers (node:internal/timers:514:7)
[error] 
[error] Error: An unexpected error has occurred.
